// Jest Snapshot v1, https://goo.gl/fbAQLP

exports[`TopMenuBar matches the snapshot 1`] = `
<DocumentFragment>
  <div
    class="fullWidthContainer"
  >
    <div
      class="commandBar"
    >
      <div
        class="logoTextContainer"
      >
        <img
          alt="Microsoft Logo"
          class="fui-Image logo ___1erkwlp_1hna692 fj3muxo f1akhkt f1aperda f1lxtadh f1fabniw f1ewtqcl f14t3ns0"
          src="logo-windows.png"
        />
        <div
          class="textContainer"
        >
          <span
            class="fui-Text ___1bdjl64_182myip fk6fouc fkhj508 f1i3iumi fdj6btp fpgzoln f1w7gpdv f6juhto f1gl81tg f2jf649"
          >
            FinOps toolkit
          </span>
        </div>
        <div
          aria-orientation="vertical"
          class="fui-Divider divider ___1esnkk0_1l2hrfi f122n59 f1ewtqcl f22iagw f1vx9l62 fqerorx f10pi13n fk6fouc fy9rknc figsok6 fwrc4pm f17mccla fyl8oag f16vkdww fhsnbul f1gw3sf2 f1ly5f7u f1s3tz6t f1wl9k8s f13zj6fq fkfq4zb f1vccso1 f1geml7w f1r7kh1m fjml6kk f16j7guv fx01ahm fl8d8yv fj1a37q f16gbxbe f1yq6w5o f9sc749 fhkwbjy flthirb f13hvwk3 f19onpk6 f1kyqvp9 fesgyo fzynn9s fekrn8e"
          role="separator"
        />
      </div>
    </div>
  </div>
</DocumentFragment>
`;
